04:14:03 level=info event=schema_metadata_change_observed source_id=cdc-demo transaction_id=1463 lsn=0/203B310 schema=public table=clientes relation_id=16556 classification=COLUMN_ADDED reason=column_added_observed column=teste_metricas_2 details={"column":"teste_metricas_2","data_type_oid":23,"type_modifier":-1}
04:14:03 level=info event=schema_metadata_change_observed source_id=cdc-demo transaction_id=1463 lsn=0/203B310 schema=public table=clientes relation_id=16556 classification=COLUMN_ADDED reason=column_added_observed column=teste_metricas_3 details={"column":"teste_metricas_3","data_type_oid":23,"type_modifier":-1}
04:14:03 level=info event=schema_metadata_change_observed source_id=cdc-demo transaction_id=1463 lsn=0/203B310 schema=public table=clientes relation_id=16556 classification=COLUMN_ADDED reason=column_added_observed column=spec23_ddl_only_1790828000 details={"column":"spec23_ddl_only_1790828000","data_type_oid":23,"type_modifier":-1}
04:14:03 RELATION id=16556 table=public.clientes
04:14:03 level=warn event=schema_validation source_id=cdc-demo transaction_id=1463 lsn=0/203B310 schema=public table=clientes validation_result=INCOMPATIBLE reason=source column is absent in destination difference=COLUMN_MISSING column=teste_metricas_2 details={"destination_value":"","reason":"source column is absent in destination","source_value":"integer oid=23 typmod=-1 NULL NO DEFAULT"}
04:14:03 level=warn event=schema_validation source_id=cdc-demo transaction_id=1463 lsn=0/203B310 schema=public table=clientes validation_result=INCOMPATIBLE reason=source column is absent in destination difference=COLUMN_MISSING column=teste_metricas_3 details={"destination_value":"","reason":"source column is absent in destination","source_value":"integer oid=23 typmod=-1 NULL NO DEFAULT"}
04:14:03 level=warn event=schema_validation source_id=cdc-demo transaction_id=1463 lsn=0/203B310 schema=public table=clientes validation_result=INCOMPATIBLE reason=source column is absent in destination difference=COLUMN_MISSING column=spec23_ddl_only_1790828000 details={"destination_value":"","reason":"source column is absent in destination","source_value":"integer oid=23 typmod=-1 NULL NO DEFAULT"}
04:14:03 level=info event=schema_apply source_id=cdc-demo transaction_id=1463 lsn=0/203B310 schema=public table=clientes operation=ADD_COLUMN classification=COLUMN_ADDED column=teste_metricas_2 mode=auto status=started risk=LOW reason=add_nullable_column
04:14:03 level=info event=schema_apply source_id=cdc-demo transaction_id=1463 lsn=0/203B310 schema=public table=clientes operation=ADD_COLUMN classification=COLUMN_ADDED column=teste_metricas_2 mode=auto status=staged risk=LOW reason=awaiting_destination_commit
04:14:03 level=info event=schema_apply source_id=cdc-demo transaction_id=1463 lsn=0/203B310 schema=public table=clientes operation=ADD_COLUMN classification=COLUMN_ADDED column=teste_metricas_3 mode=auto status=started risk=LOW reason=add_nullable_column
04:14:03 level=info event=schema_apply source_id=cdc-demo transaction_id=1463 lsn=0/203B310 schema=public table=clientes operation=ADD_COLUMN classification=COLUMN_ADDED column=teste_metricas_3 mode=auto status=staged risk=LOW reason=awaiting_destination_commit
04:14:03 level=info event=schema_apply source_id=cdc-demo transaction_id=1463 lsn=0/203B310 schema=public table=clientes operation=ADD_COLUMN classification=COLUMN_ADDED column=spec23_ddl_only_1790828000 mode=auto status=started risk=LOW reason=add_nullable_column
04:14:03 level=info event=schema_apply source_id=cdc-demo transaction_id=1463 lsn=0/203B310 schema=public table=clientes operation=ADD_COLUMN classification=COLUMN_ADDED column=spec23_ddl_only_1790828000 mode=auto status=staged risk=LOW reason=awaiting_destination_commit
04:14:03 level=info event=schema_validation source_id=cdc-demo transaction_id=1463 lsn=0/203AD48 schema=public table=clientes validation_result=COMPATIBLE reason=compatible
04:14:03 level=info event=schema_apply source_id=cdc-demo transaction_id=1463 lsn=0/203B310 schema=public table=clientes operation=ADD_COLUMN classification=COLUMN_ADDED column=teste_metricas_2 mode=auto status=success risk=LOW reason=destination_transaction_committed
04:14:03 level=info event=schema_apply source_id=cdc-demo transaction_id=1463 lsn=0/203B310 schema=public table=clientes operation=ADD_COLUMN classification=COLUMN_ADDED column=teste_metricas_3 mode=auto status=success risk=LOW reason=destination_transaction_committed
04:14:03 level=info event=schema_apply source_id=cdc-demo transaction_id=1463 lsn=0/203B310 schema=public table=clientes operation=ADD_COLUMN classification=COLUMN_ADDED column=spec23_ddl_only_1790828000 mode=auto status=success risk=LOW reason=destination_transaction_committed
04:14:03 level=info event=transaction_committed source_id=cdc-demo xid=1463 commit_lsn=0/203B340 eventos=1
04:14:46 level=info event=schema_validation source_id=cdc-demo transaction_id=1464 lsn=0/203B378 schema=public table=clientes validation_result=COMPATIBLE reason=compatible
04:14:46 level=info event=transaction_committed source_id=cdc-demo xid=1464 commit_lsn=0/203B4A8 eventos=1
